<html>
<body>
<pre>
<h1>礦ision Build Log</h1>
<h2>Tool Versions:</h2>
IDE-Version: μVision V5.14.0.0
Copyright (C) 2015 ARM Ltd and ARM Germany GmbH. All rights reserved.
License Information:  ,  , LIC=HF82M-XVAPZ-PH689-4Y6JA-W2ZW4-7SLSG
 
Tool Versions:
Toolchain:       MDK-ARM Professional  Version: 5.14.0.0
Toolchain Path:  C:\Keil_v5\ARM\ARMCC\Bin
C Compiler:      Armcc.exe V5.05 update 1 (build 106)
Assembler:       Armasm.exe V5.05 update 1 (build 106)
Linker/Locator:  ArmLink.exe V5.05 update 1 (build 106)
Library Manager: ArmAr.exe V5.05 update 1 (build 106)
Hex Converter:   FromElf.exe V5.05 update 1 (build 106)
CPU DLL:         SARMCM3.DLL V5.14.0.0
Dialog DLL:      DCM.DLL V1.13.1.0
Target DLL:      STLink\ST-LINKIII-KEIL_SWO.dll V2.0.14.0_KEIL
Dialog DLL:      TCM.DLL V1.14.4.0
 
<h2>Project:</h2>
C:\Users\admin\Desktop\最新版\USER\BKM32.uvprojx
Project File Date:  04/03/2022

<h2>Output:</h2>
Rebuild target 'Template'
compiling main.c...
main.c(56): warning:  #177-D: variable "t2" was declared but never referenced
        u8 t,t2;
main.c(57): warning:  #177-D: variable "len2" was declared but never referenced
        u8 len,len2;            
main.c(58): warning:  #177-D: variable "times2" was declared but never referenced
        u16 times=0,times2=0;   
main.c: 3 warnings, 0 errors
compiling stm32f4xx_it.c...
compiling system_stm32f4xx.c...
compiling key.c...
compiling pwm.c...
compiling syn6288.c...
compiling usart2.c...
..\HARDWARE\chuankou\usart2.c(114): warning:  #1-D: last line of file ends without a newline
  #endif        
..\HARDWARE\chuankou\usart2.c: 1 warning, 0 errors
compiling delay.c...
compiling sys.c...
compiling usart.c...
assembling startup_stm32f40_41xxx.s...
compiling misc.c...
compiling stm32f4xx_gpio.c...
compiling stm32f4xx_fsmc.c...
compiling stm32f4xx_rcc.c...
compiling stm32f4xx_usart.c...
compiling stm32f4xx_tim.c...
compiling stm32f4xx_syscfg.c...
linking...
Program Size: Code=10496 RO-data=424 RW-data=52 ZI-data=2036  
FromELF: creating hex file...
"..\OBJ\USMART.axf" - 0 Error(s), 4 Warning(s).

<h2>Collection of Component include folders:</h2>
  C:\Users\admin\Desktop\最新版\USER\RTE
  D:\MDK\Keil\STM32F4xx_DFP\1.0.8\Device\Include

<h2>Collection of Component Files used:</h2>
</pre>
</body>
</html>
